// global variables
805a0148: g_ecMgr
8059FFAC: g_gfGameApplication
805A01D0: g_sndSystem
805a0140: g_efScreen
805A02D0: g_IfMngr
27,6,58D8: g_stTriggerMng
805a00e0:g_GameGlobal
27,6,2E68: g_ftManager
27,6,2E70: g_ftAudienceManager
27,6,5518: g_aiMgr
27,6,E8: g_Gravity
8059FF80:g_gfSceneRoot

// System
803f1254:__save_fpr
803f1278:_savefpr_23
803f1280:_savefpr_25
803f1284:_savefpr_26
803f1288:_savefpr_27
803f128c:_savefpr_28
803f1290:_savefpr_29
803f12a0:__restore_fpr
803f12c4:_restfpr_23
803f12cc:_restfpr_25
803f12d0:_restfpr_26
803f12d4:_restfpr_27
803f12d8:_restfpr_28
803f12dc:_restfpr_29
803f12ec:__save_gpr
803f12ec:_savegpr_14
803f12f0:_savegpr_15
803f12f4:_savegpr_16
803f12f8:_savegpr_17
803f12fc:_savegpr_18
803f1300:_savegpr_19
803f1304:_savegpr_20
803f1308:_savegpr_21
803f130c:_savegpr_22
803f1310:_savegpr_23
803f1314:_savegpr_24
803f1318:_savegpr_25
803f131c:_savegpr_26
803f1320:_savegpr_27
803f1324:_savegpr_28
803f1328:_savegpr_29
803f1338:__restore_gpr
803f1338:_restgpr_14
803f133c:_restgpr_15
803f1340:_restgpr_16
803f1344:_restgpr_17
803f1348:_restgpr_18
803f134c:_restgpr_19
803f1350:_restgpr_20
803f1354:_restgpr_21
803f1358:_restgpr_22
803f135c:_restgpr_23
803f1360:_restgpr_24
803f1364:_restgpr_25
803f1368:_restgpr_26
803f136c:_restgpr_27
803f1370:_restgpr_28
803f1374:_restgpr_29
8000c8ac:__nw__FUl
8000c8b8:__nw__FUlQ25Heaps8HeapType
8000c8cc:__nwa__FUlQ25Heaps8HeapType
8000c8c8:__dl__FPv
8000c8dc:__dla__FPv
803f11f8:__cvt_fp2unsigned
803f0a1c:__construct_new_array
801d8600:OSReport
80403664:TRK_flush_cache__FPvUl

// string
803fa3fc:strcmp__FPCcPCc
803fa340:strncpy__6StringF6StringPcUl
803fa340:strncpy__FPcPCcUl
803fa280:strcpy__FPcPCc
803f89fc:sprintf__FPcPCce
803fa384:strcat__FPcPc
803fa3b0:strncat__FPcPc
803fa518:strncmp__FPcPc
803fa558:strchr__FPcPc
803fa588:strrchr__FPcPc
803fa5d0:strcspn__FPcPc
803fa674:strtok__FPcPc
803fa798:strstr__FPcPc

// strtoul
803fc704:atoi__FPCc

// extras
803fcb50:itoa__FiPci

// __mem
803f0640:strlen__FPc
8000443c:__memfill__FPvUcUl

// NW4R
8018d2a4:GetResMdlNumEntries__Q34nw4r3g3d7ResFileFv
8018d770:GetResAnmChrNumEntries__Q34nw4r3g3d7ResFileFv
8018ee4c:GetResNodeNumEntries__Q34nw4r3g3d6ResMdlFv
801b0520:__ct__Q44nw4r3g3d6ScnMdl15CopiedMatAccessFPQ34nw4r3g3d6ScnMdlUi
8018d640:GetResAnmChr__Q34nw4r3g3d7ResFileFi
8018e270:GetResAnmScn__Q34nw4r3g3d7ResFileFi
8018f258:GetResMat__Q34nw4r3g3d6ResMdlCFPCc
801b00b4:GetResMatTevColor__Q44nw4r3g3d6ScnMdl15CopiedMatAccessFb
801913d0:GXSetTevColor__Q34nw4r3g3d14ResMatTevColorFUi7GXColor
80190a90:DCStore__Q34nw4r3g3d6ResMatFb
8018edf8:GetResNode__Q34nw4r3g3d6ResMdlCFUl
8018ed10:GetResNode__Q34nw4r3g3d6ResMdlCFPCc
801afaac:EnableScnMdlCallbackTiming__Q34nw4r3g3d12ScnMdlSimpleFUi
80192f70:SetTranslate__Q34nw4r3g3d7ResNodeFfff

// GameGlobal
8004e5cc:getGlobalRecordMenuDatap__10GameGlobalFv
8004D9DC:getLanguage__12gmGameGlobalFv

// ecMgr
8005f774:setDrawPrio__5ecMgrFi
8005f7a4:setEffect__5ecMgrFUi
8005f7b8:setEffect__5ecMgrFUiP5Vec3f
8005f7e0:setEffect__5ecMgrFUiP5Vec3fP5Vec3fP5Vec3f
80060c54:endEffect__5ecMgrFUi
8005fc5c:setParent__5ecMgrFUiPQ34nw4r3g3d6ScnMdlPci

// efScreen
8005e0fc:requestFill__8efScreenFfiiP7GXColor

// sndSystem
800742b0:playSE__9sndSystemF5SndIDiiii
80077064:setBGMVol__9sndSystemFbf

// snd3DGenerator
80079550:__ct__14snd3DGeneratorFv
800795d4:__dt__14snd3DGeneratorFv
80079718:playSE__14snd3DGeneratorF5SndIDiii
80079660:setPos__14snd3DGeneratorFP5Vec3f

// gfTask
8002d8b8:__ct__6gfTaskFPciiii
8002ddc8:processDefault__6gfTaskFv
8002ddd8:processBegin__6gfTaskFv
8002dde8:processAnim__6gfTaskFv
8002ddf8:processUpdate__6gfTaskFv
8002de08:processPreMapCorrection__6gfTaskFv
8002de18:processMapCorrection__6gfTaskFv
8002de28:processFixPosition__6gfTaskFv
8002de38:processPreCollision__6gfTaskFv
8002de48:processCollision__6gfTaskFv
8002de58:processCatch__6gfTaskFv
8002de68:processHit__6gfTaskFv
8002de78:processCamera__6gfTaskFv
8002de88:processFixCamera__6gfTaskFv
8002de98:processEffect__6gfTaskFv
8002dea8:processGameProc__6gfTaskFv
8002deb8:processEnd__6gfTaskFv
8002dec8:renderPre__6gfTaskFv
8002decc:renderOpa__6gfTaskFv
8002ded0:renderXlu__6gfTaskFv
8002ded4:processDebug__6gfTaskFv
8002ded8:renderDebug__6gfTaskFv
8002ddc4:init__6gfTaskFv
8002da1c:__dt__6gfTaskFv
8002dc40:getTask__6gfTaskFi
8002df34:exit__6gfTaskFv

// gfHeapManager
80024a50:dumpAll__13gfHeapManagerFv
80024b08:dumpList__13gfHeapManagerFv

// gfArchive
8001370c:__ct__9gfArchiveFv
80015ddc:getData__9gfArchiveF11ARCNodeTypeiUi
80015e14:getData__9gfArchiveF11ARCNodeTypeiPiUi
80013b1c:__dt__9gfArchiveFv

//NMWException
803f0bdc:__construct_array
803f0cd4:__destroy_arr

// gfModelAnimation
800283bc:getFrameCount__16gfModelAnimationFv
8002858c:getFrame__16gfModelAnimationFv
80028498:setFrame__16gfModelAnimationFf
80028650:setUpdateRate__16gfModelAnimationFf
80028278:setLoop__16gfModelAnimationFb
800278b0:unbindNodeAnim__16gfModelAnimationFPQ34nw4r3g3d6ScnMdl
80014890:setFileImage__9gfArchiveFPviQ25Heaps8HeapType
80027ba8:unbindShapeAnim__16gfModelAnimationFPQ34nw4r3g3d6ScnMdl

// gfCamera
80019fa4:getManager__15gfCameraManagerFv

// gfModuleManager
27,1,00143B14:getInstance__15gfModuleManagerFv
80026e00:loadModuleRequest__15gfModuleManagerFPQ215gfModuleManager17LoadRequestResultP15gfModuleManagerPcQ25Heaps8HeapTypebb
80026c78:setTempolaryLoadHeap__15gfModuleManagerFQ25Heaps8HeapType
8002737c:destroy__15gfModuleManagerFPc

// gfSceneManager
8002cc14:__ct__14gfSceneManagerFv
8002cfd0:create__14gfSceneManagerFv
8002d018:getInstance__14gfSceneManagerFv
8002d020:changeNextScene__14gfSceneManagerFv
8002d160:registScene__14gfSceneManagerFv
8002d180:registSequence__14gfSceneManagerFv
8002d1a0:process__14gfSceneManagerFv
8002d32c:postProcess__14gfSceneManagerFv
8002d3f4:searchScene__14gfSceneManagerFv
8002d474:searchSequence__14gfSceneManagerFv
8002d4f4:startSequence__14gfSceneManagerFv
8002d5ac:setNextScene__14gfSceneManagerFv
8002d640:setNextSequence__14gfSceneManagerFv
8002d6d4:setLoadModuleName__14gfSceneManagerFv
8002d73c:loadModule__14gfSceneManagerFv

// gfSceneRoot
8000d818:setCurrentFrame__11gfSceneRootFf

// utList
800448f8:addTail__6utListFP10utListNode

// cmQuake
8009db90:cmReqQuake__FiP5Vec3f

// Vec3f
27,1,00000E30:__mi__5Vec3fFRC5Vec3f
27,1,00000EF8:__pl__5Vec3fFRC5Vec3f
27,1,00000F1C:__ml__5Vec3fFf
27,1,00000F1C:__ml__FfRC5Vec3f

// Matrix
8003ee18:getRotate__6MatrixFP5Vec3f

// mtCommon
8003db08:mtSqrtf__Ff
8003db58:rsqrtf__Ff

// mttrig
8003fd5c:mtSinf__Ff
8003fdfc:mtCosf__Ff
8003fea4:mtSinCosf__FfPfPf

// mtprng
8003fc7c:randi__FUi
8003fb64:randf__Fv

// mtBezierCurve
8003ffc4:mtBezierCurve__FfP5Vec3fP5Vec3f

// hkMath
802a0bcc:fabs__6hkMathFf
80291dd8:max2f__6hkMathFff

// CameraController
8009c69c:changeInput__16CameraControllerFQ216CameraController4Kind
8009be74:getInstance__16CameraControllerFv

// cmAnimationController
800a624c:setScnAnmRes__21cmAnimationControllerFPPQ34nw4r3g3d4SCN0Ui
800a6348:releaseScnAnmRes__21cmAnimationControllerFv

// Stage
27,1,002225A8:createObj__5StageFv
27,1,0022269C:createObjPokeTrainer__5StageFiiiii
27,1,002227b0:addGround__5StageFP6Ground
27,1,00222850:getGround__5StageFi
27,1,00222830:getGroundNum__5StageFv
27,1,00222904:registScnAnim__5StageFPQ34nw4r3g3d11ResFileDataUi
27,1,00222ab0:createCollision__5StageFP9gfArchiveiP6Ground
27,1,00224574:createStagePositions__5StageFv
27,1,00224524:createStagePositions__5StageFPv
27,1,002237D0:loadStageAttrParam__5StageFP9gfArchivei
27,1,002257B4:getPokeTrainerPointNum__5StageFv
27,1,002257B0:getPokeTrainerPointData__5StageFPii
27,1,002257A4:getPokeTrainerPositionZ__5StageFv
27,1,0022579C:getPokeTrainerDrawLayer__5StageFv
27,1,00225794:isAdventureStage__5StageFv
27,1,002225ac:initPosPokeTrainer__5StageFii
27,1,00224AF4:getItemPac__5StageFPP9gfArchivePP9gfArchiveii
27,1,00224AF8:getItemGenPac__5StageFPP9gfArchive
27,1,00224AFC:getItemPacEnemyFigure__5StageFv
27,1,00224B00:getEnemyPac__5StageFPP9gfArchivePP9gfArchivePP9gfArchivePP9gfArchive7EnemyID
27,1,00224B04:getAdvRadarData__5StageFPP9gfArchivePP9gfArchive
27,1,00221B68:initializeStage__5StageFv
27,1,00221F80:closeStage__5StageFv
27,1,00222AAC:renderDebugPositions__5StageFv
27,1,00222588:loading__5StageFv
27,1,002227AC:process__5StageFv
27,1,002245B8:updateStagePositions__5StageFv
27,1,002246AC:debugCollision__5StageFv
27,1,001ED054:getAIRange__5StageFv
27,1,0008C01C:getDefaultLightSetIndex__5StageFv
27,1,002227E0:getZoneLightSetIndex__5StageFv
27,1,00225778:getScrollDir__5StageFi
27,1,00222B54:clearCameraParam__5StageFv
27,1,00222B98:initCameraParam__5StageFv
27,1,00222590:startLoadLocalData__5StageFv
27,1,00222594:isLoadLocalData__5StageFv
27,1,0022259C:entryLocalData__5StageFv
27,1,002225A4:removeLocalData__5StageFv
27,1,00225774:appearanceFighterLocal__5StageFv
27,1,0022341C:getFighterStartPos__5StageFP5Vec3fi
27,1,00223458:getFighterReStartPos__5StageFP5Vec3fi
27,1,00223494:isReStartSamePoint__5StageFv
27,1,0022349C:getPokeTrainerStartPos__5StageFii
27,1,002234D8:getItemPosCount__5StageFv
27,1,002234F4:getItemPos__5StageFiii
27,1,0022353C:getRandItemPos__5StageFi
27,1,00223564:getKirifudaPos__5StageFii
27,1,002235D4:getKirifudaAngle__5StageFi
27,1,00223620:getKirifudaScale__5StageFii
27,1,0022368C:getKirifudaModelType__5StageFi
27,1,002236CC:getPokeTrainerPosCount__5StageFv
27,1,002236D4:getPokeTrainerPos__5StageFiii
27,1,002237A0:getFighterDeadEffectSizeRate__5StageFv
27,1,002237A8:getEnemyDeadEffectSizeRate__5StageFv
27,1,002237B0:getEnableZ__5StageFv
27,1,00225764:getBgmID__5StageFv
27,1,0022576C:getBgmIDOverload__5StageFv
27,1,0022575C:getNowStepBgmID__5StageFv
27,1,00225754:getBgmOptionID__5StageFv
27,1,0022574C:isBgmChange__5StageFv
27,1,00225738:getBgmChangeID__5StageFii
27,1,00225728:setBgmChange__5StageFfii
27,1,0022571C:getBgmVolume__5StageFv
27,1,00225710:getBgmPlayOffsetFrame__5StageFv
27,1,00225708:isNextStepBgmEqualNowStepBgmFromFlag__5StageFv
27,1,00225700:setFrameRuleTime__5StageFf
27,1,001E9658:getFrameRuleTime__5StageFv
27,1,002256FC:notifyTimmingGameStart__5StageFv
27,1,0022487C:isEnd__5StageFv
27,1,00224884:isEventEnd__5StageFv
27,1,00224798:enableDevil__5StageFv
27,1,002247B8:disableDevil__5StageFv
27,1,002247D8:isDevil__5StageFv
27,1,002247E0:setDevilScrool__5StageFff
27,1,0022485C:getLucarioFinalTechniquePosition__5StageFi
27,1,00224B40:startAppear__5StageFv
27,1,00224B5C:setAppearKind__5StageFv
27,1,00224B58:endAppear__5StageFv
27,1,00224DAC:getAppearTask__5StageFv
27,1,00224DB4:forceStopAppear__5StageFv
27,1,0022488C:getFinalTechniqColor__5StageFv
27,1,00224898:setMotionRatio__5StageFff
27,1,002248F0:saveMotionRatio__5StageFi
27,1,00224914:restoreMotionRatio__5StageFi
27,1,00224938:setMotionSubRatio__5StageFff
27,1,00224990:saveMotionSubRatio__5StageFi
27,1,002249B4:restoreMotionSubRatio__5StageFi
27,1,000B319C:isCameraLocked__5StageFv
27,1,002256F4:isBossBattleMode__5StageFv
27,1,002256EC:isSimpleBossBattleMode__5StageFv
27,1,00224B48:isAppear__5StageFv
27,1,00224B50:isStartAppearTimming__5StageFv
27,1,00224B60:getMadeinAiData__5StageFv
27,1,00224B68:isBamperVector__5StageFv
27,1,00224B70:getBamperVector__5StageFi
27,1,002249D8:notifyEventInfoReady__5StageFv
27,1,002249DC:notifyEventInfoGo__5StageFv
27,1,00224B08:getDestroyBossParamCommon__5StageFv
27,1,00224B3C:stAdventureEventGetItem__5StageFiiiii
27,1,00224D88:setStageOutEffectInit__5StageFv
27,1,00224D98:setStageInEffectInit__5StageFv
27,1,002256E4:helperStarWarp__5StageFv
27,1,002256DC:initializeFighterAttackRatio__5StageFv
27,1,002256D8:startFighterEvent__5StageFv
27,1,00224D5C:getZoneState__5StageFv
27,1,00224D64:getZonePos__5StageFP5Vec3f
27,1,00224D68:getMagmaHeight__5StageFv
27,1,00224D74:getAcidHeight__5StageFv
27,1,00224D80:getIteamDropStatus__5StageFv
27,1,002256D0:createWind2ndOnly__5StageFv
27,1,002256C8:getWind2ndOnlyData__5StageFv
27,1,002256C4:updateWind2ndOnly__5StageFv
27,1,00224DA8:setVision__5StageFv
27,1,00222190:processBegin__5StageFv
27,1,00222288:processAnim__5StageFv
27,1,002224cc:processUpdate__5StageFv
27,1,002224d0:processMapCorrection__5StageFv
27,1,002224d4:processFixCamera__5StageFv
27,1,00222520:processEnd__5StageFv
27,1,00222574:renderPre__5StageFv
27,1,00222aa8:renderDebug__5StageFv
27,1,00221d48:__dt__5StageFv
27,1,00223140:testStageParamInit__5StageFP9gfArchivei
27,1,00223398:testStageDataInit__5StageFP9gfArchiveii
27,1,0022269c:createObjPokeTrainer__5StageFP9gfArchiveiPCcii
27,1,00223A08:setStageAttackData__5StageFP20grGimmickDamageFloorUi

// stCommonGimmick
27,1,002380b0:releaseArchive__15stCommonGimmickFv
27,1,00238018:createGimmickCollision__15stCommonGimmickFiP6GroundP9gfArchive
27,1,00237E18:createGimmickBeltConveyor2__15stCommonGimmickFP25grGimmickBeltConveyorData
27,1,00237D20:createGimmickLadder__15stCommonGimmickFP19grGimmickLadderDataP9gfArchive
27,1,00237E60:createGimmickWaterArea__15stCommonGimmickFP18grGimmickWaterData
27,1,00237DD0:createGimmickWind2__15stCommonGimmickFP17grGimmickWindData
27,1,00237EA8:createGimmickHitPointEffectArea__15stCommonGimmickFP27grGimmickHitPointEffectData

// stClassInfo
27,1,002257bc:__ct__11stClassInfoFv
27,1,002258fc:setClassInfo__11stClassInfoFiP11stClassInfo
27,1,002258a8:__dt__11stClassInfoFv

// stMelee
27,1,00238bdc:__ct__7stMeleeFPci
27,1,002395bc:processBegin__7stMeleeFv
27,1,002395c0:processUpdate__7stMeleeFv
27,1,00239660:update__7stMeleeFv
27,1,002394cc:setCameraLimitRange__7stMeleeFffff
27,1,00239534:resetCameraLimitRange__7stMeleeFv
27,1,00239ae4:checkChangeScene__7stMeleeFv
27,1,00239aec:resetChangeScene__7stMeleeFv
27,1,00239af0:setChangeSceneNumber__7stMeleeFv
27,1,00238dec:__dt__7stMeleeFv
27,1,0023A068:getItemGenPac__7stMeleeFPP9gfArchive
27,1,002398E0:getFighterStartPos__7stMeleeFP5Vec3fi
27,1,00239974:getFighterReStartPos__7stMeleeFP5Vec3fi
27,1,00239274:createWind2ndOnly__7stMeleeFv
27,1,002394A4:updateWind2ndOnly__7stMeleeFv
27,1,0023959C:zoomInCamera__7stMeleeFv
27,1,00239574:zoomOutCamera__7stMeleeFff

// Ground
27,1,00261b50:setDontMoveGround__6GroundFv
27,1,0025f64c:loadGroundData__6GroundFUiUiUi
27,1,0025fbcc:setupMelee__6GroundFv
27,1,0025fbe8:processAnim__6GroundFv
27,1,00260834:processGameProc__6GroundFv
27,1,00261d70:renderPre__6GroundFv
27,1,00260534:setVisibilityByClipping__6GroundFUi
27,1,002606a0:setVisibilityAttachedEffect__6GroundFUi
27,1,00260838:receiveCollMsg__6GroundFiP12grCollStatusP16grCollisionJoint
27,1,00260910:receiveCollMsg_Landing__6GroundFP12grCollStatusP16grCollisionJointb
27,1,00260914:receiveCollMsg_Heading__6GroundFP12grCollStatusP16grCollisionJointb
27,1,00260918:receiveCollMsg_Wall__6GroundFP12grCollStatusP16grCollisionJoint
27,1,0026091c:receiveCollMsg_Attack__6GroundFP12grCollStatusP16grCollisionJoint
27,1,00228dd8:getModelCount__6GroundFv
27,1,0025fa34:unloadData__6GroundFv
27,1,00230728:setMdlIndex__6GroundFi
27,1,00260B48:getNodeIndex__6GroundFUiPc
27,1,00260c84:getNodePosition__6GroundFP5Vec3fUiUi
27,1,00260d78:getNodePosition__6GroundFP5Vec3fUiPc
27,1,00260e88:getNodeMatrix__6GroundFP6MatrixUiUi
27,1,00260f48:getNodeMatrix__6GroundFP6MatrixUiPc
27,1,0026102c:setNodeVisibility__6GroundFbUiUibb
27,1,002611dc:setNodeVisibility__6GroundFbUiPcbb
27,1,002612ac:setNodeVisibilityAll__6GroundFbUi
27,1,002613ac:isNodeVisible__6GroundFUiUi
27,1,00261434:setNodeCollision__6GroundFbUiUib
27,1,002615ec:setNodeCollision__6GroundFbUiPcb
27,1,00261718:getNodeScale__6GroundFP5Vec3fUiUi
27,1,002617d8:getNodeScale__6GroundFP5Vec3fUiPc
27,1,00231b80:setInitializeInfo__6GroundFi
27,1,00231b78:getInitializeInfo__6GroundFi
27,1,0025fd1c:setMotionFrame__6GroundFfUi
27,1,0025fd38:getMotionFrame__6GroundFUi
27,1,0025fd60:setMotionLoop__6GroundFbUi
27,1,0025fd7c:setMatAlphaMul__6GroundFUiUi
27,1,0025feec:setMatAlpha__6GroundFUiUi
27,1,0025ffe0:updateG3dProcCalcWorld__6GroundFv
27,1,00231b70:adventureEventGetItem__6GroundFiPi
27,1,00231BBC:getStageData__6GroundFv
27,1,00231BB8:initStageData__6GroundFv
27,1,00231BB0:getMdlIndex__6GroundFv
27,1,00231BA4:isEnableCalcCollision__6GroundFv
27,1,00231B94:enableCalcCollision__6GroundFv
27,1,00231B84:disableCalcCollision__6GroundFv
27,1,00261EA8:setInitializeFlag__6GroundFv
27,1,002618c0:setEnableCollisionStatus__6GroundFb
27,1,00261a90:isCollisionStatusOwnerTask__6GroundFP12grCollStatusPi
27,1,0026022C:setVisibility__6GroundFUi
27,1,00261950:setValid__6GroundFUi
27,1,002619F0:setValidAttachedEffect__6GroundFUi
27,1,00261B3C:preExit__6GroundFv
27,1,00260924:startup__6GroundFP9gfArchiveUiUi

// grGimmick
27,1,0026A314:__ct__9grGimmickFPc
27,1,0026A450:__dt__9grGimmickFv
27,1,0026A790:processUpdate__9grGimmickFv
27,1,0026A804:update__9grGimmickFf
27,1,0026A5E4:startup__9grGimmickFP9gfArchiveUiUi
27,1,0026DE2C:renderDebug__9grGimmickFv
27,1,0026daf4:setTransparency__9grGimmickFUi
27,1,0026C8C8:bindData__9grGimmickFP9gfArchive
27,1,0026D798:setVisibilityAttachedEffect__9grGimmickFUi
27,1,0026b25c:setNode__9grGimmickFv
27,1,0026b1c0:setTgtNode__9grGimmickFPc
27,1,0026c2f8:setMotionRatio__9grGimmickFf
27,1,0026d940:invalidatedByCameraClipping__9grGimmickFv
27,1,0026DAF4:setTransparency__9grGimmickFUiUi
27,1,0026d938:setTransparencyFlag__9grGimmickFc
27,1,0026b0f8:updateCallback__9grGimmickFUi
27,1,0026b17c:fixedPosition__9grGimmickFf
27,1,0026b254:getTgtNode__9grGimmickFv
27,1,00231bcc:getGimmickData__9grGimmickFv
27,1,0026bcc0:changeNodeAnim__9grGimmickFUiUi
27,1,0026a5e8:createFadeVisibleProduction__9grGimmickFf
27,1,0026a664:createSoundEffectVisibleProductionForExcel__9grGimmickFUiUiUi
27,1,0026a6b8:createEffectVisibleProductionForExcel__9grGimmickFPQ29grGimmick16SimpleEffectDataPUiPP19grVisibleProduction
27,1,0026a708:setSimpleEffectVisibleProduction__9grGimmickFv
27,1,0026daf0:dbDispInvalidatedByCameraClippingSphere__9grGimmickFv
27,1,002304CC:setGimmickData__9grGimmickFPv
27,1,00231BC4:getTransparencyFlag__9grGimmickFv
27,1,0026BB1C:makeCalcuCallback__9grGimmickFUiQ25Heaps8HeapType
27,1,0026BC9C:setCalcuCallbackRoot__9grGimmickFUi
27,1,0026dbd0:getPos__9grGimmickFv
27,1,0026db8c:setPos__9grGimmickFP5Vec3f
27,1,0026DBB4:setPos__9grGimmickFfff
27,1,0026DC7C:getRot__9grGimmickFv
27,1,0026DC38:setRot__9grGimmickFP5Vec3f
27,1,0026DC60:setRot__9grGimmickFfff
27,1,0026DD00:getScale__9grGimmickFv
27,1,0026DCBC:setScale__9grGimmickFP5Vec3f
27,1,0026DCE4:setScale__9grGimmickFfff
27,1,0026B34C:createAttachMotionPath__9grGimmickFP23grGimmickMotionPathInfoP13stTriggerDataPc
27,1,0026DA8C:createSimpleEffectData__9grGimmickFPQ29grGimmick16SimpleEffectDataUiPc
27,1,0026CB94:createIsValidTrigger__9grGimmickFP13stTriggerData
27,1,0026D124:createEffectWork__9grGimmickFi
27,1,0026D22C:startGimmickEffect__9grGimmickFUi
27,1,0026CE10:startGimmickSE__9grGimmickFUi
27,1,0026D264:stopGimmickEffect__9grGimmickFUi
27,1,0026D08C:stopGimmickSE__9grGimmickFUi
27,1,0026CCA0:createSoundWork__9grGimmickFUiUi
27,1,0026C1BC:changeShapeAnim__9grGimmickFUiUi

// grYakumono
27,1,00264c80:__ct__10grYakumonoFPc
27,1,00264cc4:__dt__10grYakumonoFv
27,1,00264d1c:processUpdate__10grYakumonoFv
27,1,00264f58:startup__10grYakumonoFP9gfArchiveUiUi
27,1,00264f5c:setValid__10grYakumonoFUi
27,1,0026501c:setValidAttachedEffect__10grYakumonoFUi
27,1,00267ab8:preExit__10grYakumonoFv
27,1,00267a10:setTransparency__10grYakumonoFUiUi
27,1,00264dd4:onDamage__10grYakumonoFiP8soDamageP20soDamageAttackerInfo
27,1,00264DE4:onInflict__10grYakumonoFP14soCollisionLogUif
27,1,00264DE8:onInflictEach__10grYakumonoFP14soCollisionLogf
27,1,00264DEC:onGimmickEvent__10grYakumonoFP18soGimmickEventInfoPi
27,1,002650DC:enableYakumono__10grYakumonoFUi
27,1,00265160:disableYakumono__10grYakumonoFUiUi
27,1,002651D4:enableHit__10grYakumonoFUiUi
27,1,00265214:disableHit__10grYakumonoFUiUi
27,1,00265254:disableAttack__10grYakumonoFUi
27,1,002652BC:enableArea__10grYakumonoFv
27,1,00265300:disableArea__10grYakumonoFv
27,1,00265344:setSleepArea__10grYakumonoFb
27,1,00265390:setTeamYakumonoOwnerId__10grYakumonoFUi
27,1,002653C8:setTeamYakumono__10grYakumonoFUiUi
27,1,00265424:getTeamYakumono__10grYakumonoFUi
27,1,0026546C:setOffsetAttack__10grYakumonoFP5Vec3fi
27,1,00265480:setAreaGimmick__10grYakumonoFP10soAreaDataP10soAreaInitP10ykAreaDatab
27,1,00267548:setAttackGimmick__10grYakumonoFiiUiPQ29grGimmick10AttackDataPQ29grGimmick13AttackDetails
27,1,002675E0:setSoCollisionAttackData__10grYakumonoFP21soCollisionAttackDataPQ29grGimmick10AttackDataPQ29grGimmick13AttackDetails
27,1,002677AC:setAttackGimmickDetails__10grYakumonoFP21soCollisionAttackDataffffiP5Vec3fiiiiUiUiUibUi26CollisionAttackElementType28CollisionAttackHitSoundLevel27CollisionAttackHitSoundTypebbbbbbUiUibbb32CollisionAttackFacingRestrictionbbbbbUib
27,1,00267924:isEnableAttackPersonAttacked__10grYakumonoFUiUiUi
27,1,002679E8:isEnableAttackAttribute__10grYakumonoFUiUi
27,1,00267AF4:setSituationODD__10grYakumonoFv
27,1,002652A8:setSleepHit__10grYakumonoFb
27,1,00265294:setSleepAttack__10grYakumonoFb
27,1,00264EE4:getPlayerNumber__10grYakumonoFP12grCollStatus
27,1,00264DF0:getPlayerNumber__10grYakumonoFPi
27,1,00264E5C:isSubFighter__10grYakumonoFPi

// grGimmickSpring
27,1,0026FC6C:__ct__15grGimmickSpringFPc
27,1,0026FCC8:__dt__15grGimmickSpringFv
27,1,0026FD20:update__15grGimmickSpringFf
27,1,0026FFC4:startup__15grGimmickSpringFP9gfArchiveUiUi
27,1,0027020C:setInitializeFlag__15grGimmickSpringFv
27,1,002702A8:disableArea__15grGimmickSpringFv
27,1,00270310:setSleepArea__15grGimmickSpringFb
27,1,00270384:onGimmickEvent__15grGimmickSpringFP18soGimmickEventInfoPi
27,1,0026FFB4:getTopNode__15grGimmickSpringFP5Vec3f
27,1,00270464:presentPosEvent__15grGimmickSpringFv
27,1,0026FF18:setMotionOff__15grGimmickSpringFv

// grGimmickLadder
27,1,0026F6C4:__ct__15grGimmickLadderFPc
27,1,0026F734:__dt__15grGimmickLadderFv
27,1,0026F940:setInitializeFlag__15grGimmickLadderFv
27,1,0026F78C:startup__15grGimmickLadderFP9gfArchiveUiUi
27,1,0026F9DC:update__15grGimmickLadderFf
27,1,0026FA14:getUpperNode__15grGimmickLadderFP5Vec3f
27,1,0026FA84:getUnderNode__15grGimmickLadderFP5Vec3f
27,1,0026FAF4:disableArea__15grGimmickLadderFv
27,1,0026FB5C:setSleepArea__15grGimmickLadderFb

// grGimmickCatapult
27,1,00274708:__dt__17grGimmickCatapultFv
27,1,00274824:processFixPosition__17grGimmickCatapultFv
27,1,00274760:update__17grGimmickCatapultFf
27,1,002749CC:startup__17grGimmickCatapultFP9gfArchiveUiUi
27,1,00274DF4:onGimmickEvent__17grGimmickCatapultFP18soGimmickEventInfoPi
27,5,58B78:__vt__17grGimmickCatapult

// grGimmickWarpZone
27,1,00274078:__ct__17grGimmickWarpZoneFPc
27,1,002740EC:__dt__17grGimmickWarpZoneFv
27,1,0027455C:update__17grGimmickWarpZoneFf
27,1,00274168:startup__17grGimmickWarpZoneFP9gfArchiveUiUi
27,1,002744C0:setInitializeFlag__17grGimmickWarpZoneFv
27,1,00274594:onGimmickEvent__17grGimmickWarpZoneFP18soGimmickEventInfoPi
27,1,00274144:setWarpAttrData__17grGimmickWarpZoneFP5Vec3fUcb

// grYakumonoPunchSlider
27,1,00268B18:__ct__21grYakumonoPunchSliderFPc
27,1,00268BCC:__dt__21grYakumonoPunchSliderFv
27,1,00268C24:update__21grYakumonoPunchSliderFf
27,1,0026907C:startup__21grYakumonoPunchSliderFP9gfArchiveUiUi
27,1,002698C0:onDamage__21grYakumonoPunchSliderFiP8soDamageP20soDamageAttackerInfo
27,1,00269A6C:onInflict__21grYakumonoPunchSliderFP14soCollisionLogUif
27,1,00268F5C:updateMove__21grYakumonoPunchSliderFf
27,1,00268FE4:createMotionPath__21grYakumonoPunchSliderFv
27,1,00269830:setCulcCallback__21grYakumonoPunchSliderFP9gfArchive

// grMadein
27,1,0027583C:__ct__8grMadeinFPc
27,1,00275928:__dt__8grMadeinFv
27,1,00275A98:startup__8grMadeinFP9gfArchiveUiUi
27,1,00279D50:onDamage__8grMadeinFiP8soDamageP20soDamageAttackerInfo
27,1,00279E04:onInflictEach__8grMadeinFP14soCollisionLogf
27,1,00278c54:update__8grMadeinFf
27,1,00275778:create__8grMadeinFiPcPc8HeapType
27,1,00279f14:receiveCollMsg_Landing__8grMadeinFP12grCollStatusP16grCollisionJointb
27,1,00278DC4:setTgtNode__8grMadeinFPc
27,1,00278DC8:getTgtNode__8grMadeinFv
27,1,00278494:setHitPoint__8grMadeinFfP5Vec3fP5Vec3fbi
27,1,00278584:setAttack__8grMadeinFfP5Vec3f
27,1,002759D8:getOverwriteAttackData__8grMadeinFv
27,1,00278DD0:initializeEntity__8grMadeinFv
27,1,00278618:createAttackPointNormal__8grMadeinFP21soCollisionAttackData
27,1,00278E38:startEntity__8grMadeinFv
27,1,0027928C:startEntityAutoLoop__8grMadeinFv
27,1,00279590:setMotion__8grMadeinFUi
27,1,00279968:setMotionDetails__8grMadeinFUiUiUiUiUi
27,1,0027855C:deleteHitPoint__8grMadeinFv

// grGimmickMotionPath
27,1,0026EB3C:setFrameUpdate__19grGimmickMotionPathFf
27,1,0026E13C:create__19grGimmickMotionPathFiPcPc
27,1,0026EB5C:setFrame__19grGimmickMotionPathFf
27,1,0026EB64:getFrame__19grGimmickMotionPathFv
27,1,0026EC24:startMove__19grGimmickMotionPathFv
27,1,0026EFF4:isEndFrame__19grGimmickMotionPathFv
27,1,0026EFD8:isStartFrame__19grGimmickMotionPathFv
27,1,0026EFA0:applyEndFrame__19grGimmickMotionPathFv

// soCollisionHitGroup
27,1,000426AC:setInvincibleGlobal__19soCollisionHitGroupFv

// soValueAccesser
27,1,0008C338:getConstantInt__15soValueAccesserFP16soModuleAccesserUiUi

// soExternalValueAccesser
27,1,0008CB0C:getTeamNo__23soExternalValueAccesserFP11StageObject
27,1,0008C9D4:getPos__23soExternalValueAccesserFP11StageObject
27,1,0008CAB4:getLr__23soExternalValueAccesserFP11StageObject

// ftExternalValueAccesser
27,1,0014d4b8:getWeight__23ftExternalValueAccesserFP7Fighter
27,1,0014D19C:getHipPos__23ftExternalValueAccesserFP7Fighter

// ftManager
27,1,00109BCC:isValidEntryId__9ftManagerFi
27,1,0010B1E4:getEntryIdFromIndex__9ftManagerFi
27,1,0010A50C:getFighter__9ftManagerFii
27,1,0010B1D0:getEntryCount__9ftManagerFv
27,1,0010B22C:getEntryId__9ftManagerFi
27,1,0010B29C:getEntryIdFromTaskId__9ftManagerFiPi
27,1,0010B0BC:getPlayerNo__9ftManagerFi
27,1,0010A02C:getTeam__9ftManagerFibb
27,1,0010CF6C:setCurry__9ftManagerFi
27,1,0010D234:setSlow__9ftManagerFibii
27,1,0010D0D8:setHeal__9ftManagerFif
27,1,0010CA00:searchNearFighter__9ftManagerFffP5Vec3fib
27,1,0010B604:setDead__9ftManagerFiii
27,1,0010C7FC:isProcessHeartSwap__9ftManagerFi
27,1,0010C834:toKnockOutHeartSwapOpposite__9ftManagerFiP20soDamageAttackerInfo
27,1,0010B8F8:setBeat__9ftManagerFii
27,1,0010BCF4:setSuicide__9ftManagerFi
27,1,0010BF4C:pickupCoin__9ftManagerFii
27,1,00109E14:setWarpFighter__9ftManagerFiP5Vec3ffb

// Fighter
27,1,00138900:setCurry__7FighterFbi
27,1,0013C860:warp__7FighterFP5Vec3ffb

// ftOutsideEventPresenter
27,1,0015B0C8:notifyOutsideEventKnockout__23ftOutsideEventPresenterFv

// aiMgr
27,1,001F27DC:setDangerZone__5aiMgrFP5Vec2fP5Vec2fibb

// itManager
27,1,002A1718:getInstance__9itManagerFv
27,1,002A55CC:isCompItemKindArchive__9itManagerF6itKindUib
27,1,002A7070:createItem__9itManagerF6itKindUiiiUciii

// BaseItem
27,1,0028C834:getParam__8BaseItemFUi
27,1,0028C85C:getParam__8BaseItemFi
27,1,0028C884:getParamFloat__8BaseItemFUi
27,1,0028DE00:warp__8BaseItemFP5Vec3f
27,1,0028C7E8:setVanishMode__8BaseItemFb

// Yakumono
27,1,0026383C:setReactionFrame__8YakumonoFi
27,1,002638DC:setCollisionHitSelfCatagory__8YakumonoFi
27,1,00263854:setCollisionHitOpponentCategory__8YakumonoFib
27,1,002639D0:setTeam__8YakumonoFi
27,1,002639EC:getTeam__8YakumonoFv
27,1,00263C64:setSituationKind__8YakumonoFi

// stPositions
27,1,00226794:getDeadRange__11stPositionsFP7stRange
27,1,00226584:getCameraRange__11stPositionsFP7stRange

// stTriggerMng
27,1,00231FDC:createTrigger__12stTriggerMngF11GimmickKindi
27,1,00232118:createTrigger__12stTriggerMngF11GimmickKindP13stTriggerData
27,1,00232D4C:setTriggerFlag__12stTriggerMngFP13stTriggerData
27,1,00232F28:getTriggerFlag__12stTriggerMngFP13stTriggerDatab

// stTrigger
27,1,00233640:setObserveYakumono__9stTriggerFP8Yakumono
27,1,00233778:setBeltConveyorTrigger__9stTriggerFP25grGimmickBeltConveyorData


// stDataMultiContainer
8015bbf4:create__20stDataMultiContainerFPvQ25Heaps8HeapType

// SeSeq
27,1,00224e44:__ct__Q28StSeUtil5SeSeqFPviPvi
27,1,002252e0:playFrame__Q28StSeUtil5SeSeqFfUi
27,1,002252d8:playFrame__Q28StSeUtil5SeSeqFffUi
27,1,00225108:registId__Q28StSeUtil5SeSeqFP5SndIDi
27,1,0022517c:registSeq__Q28StSeUtil5SeSeqFiP5SndIDiQ25Heaps8HeapType

// emManager
41,1,0000C6B0:create__9emManagerFUiUiUc
41,1,0000C804:getInstance__9emManagerFv
41,1,0000D20C:preloadArchive__9emManagerFP9gfArchiveP9gfArchiveP9gfArchiveP9gfArchive7EnemyIDb
41,1,0000C9D4:createEnemy__9emManagerFP8emCreate
41,1,0000D6B8:getPreloadArchiveCountFromKind__9emManagerF7EnemyID
41,1,0000CCE4:removeEnemyAll__9emManagerFv
41,1,0000D528:removeArchiveAll__9emManagerFv
41,1,0000C7B4:remove__9emManagerFv

// emWeaponManager (Note: addresses are based on abridged sora_enemy_vs)
41,1,0002A7A4:create__15emWeaponManagerFv
41,1,0002A798:getInstance__15emWeaponManagerFv
41,1,0002A744:remove__15emWeaponManagerFv

// wnemSimple (Note: addresses are based on abridged sora_enemy_vs)
41,1,0002BE50:__ct__10wnemSimpleFv
41,1,0002EEAC:__dt__10wnemSimpleFv


//gfFileIO
80020b38:__dt__14gfFileIOHandleFv
80020b98:setNotify__14gfFileIOHandleFv
80020bec:createDirRequest__14gfFileIOHandleFv
80020c88:checkFileRequest__14gfFileIOHandleFv
80020d20:findfirstRequest__14gfFileIOHandleFv
80020dc8:findFileCountRequest__14gfFileIOHandleFv
80020e54:checkDirRequest__14gfFileIOHandleFv
80020ef0:createVFSystemFile__14gfFileIOHandleFv
80020f90:mountVF__14gfFileIOHandleFv
80021038:unmountVF__14gfFileIOHandleFv
800210d4:formatVF__14gfFileIOHandleFv
80021170:mountSD__14gfFileIOHandleFv
80021210:unmountSD__14gfFileIOHandleFv
800212b0:checkFreeSize__14gfFileIOHandleFv
8002134c:del__14gfFileIOHandleFv
800213e8:writeNAND__14gfFileIOHandleFv
80021498:readRequest__14gfFileIOHandleF14gfFileIOHandlePc8HeapTypeii
80021540:readRequest1__14gfFileIOHandleFv
800215e0:readRequest2__14gfFileIOHandleFv
80021680:readRequestCached__14gfFileIOHandleFv
80021738:readRequestCached1__14gfFileIOHandleFv
800217e8:readRequestCached2__14gfFileIOHandleFv
80021898:readRequestNoSync__14gfFileIOHandleFv
80021940:readRequestNoSync1__14gfFileIOHandleFv
800219e0:read__14gfFileIOHandleFv
80021b0c:read1__14gfFileIOHandleFv
80021c30:read2__14gfFileIOHandleFv
80021d54:writeRequest__14gfFileIOHandleFv
80021de4:cancelRequest__14gfFileIOHandleFv
80021ef8:isCancelRequested__14gfFileIOHandleFv
80021f1c:isCanceled__14gfFileIOHandleFv
80021f38:isReady__14gfFileIOHandleFv
80021f68:getReturnStatus__14gfFileIOHandleFv
80021f88:getSize__14gfFileIOHandleFv
80021f94:getBuffer__14gfFileIOHandleFv
80021fa0:getPool__14gfFileIOHandleFv
80021fac:release__14gfFileIOHandleFv
80021498:readRequest__14gfFileIOHandleFPcQ25Heaps8HeapTypeii

// gameGlobal
8004D9DC:getLanguage__10GameGlobalFv



// ScnMdl
801b4af4:Construct__Q34nw4r3g3d6ScnMdlFPviiPv
801b4d94:Pushback__Q34nw4r3g3d6ScnMdlFPvPvPc
80024430:getMEMAllocator__13gfHeapManagerFQ25Heaps8HeapType

// gfKeepFrameBuffer
80024d6c:update__17gfKeepFrameBufferFv
80024dc0:render__17gfKeepFrameBufferFv
8002b61c:startKeepScreen__17gfKeepFrameBufferFv
80024e38:endKeepScreen__17gfKeepFrameBufferFv

// MuObject
800b534c:changeAnimN__8MuObjectFPc
800b45a8:changeNodeAnimN__8MuObjectFPc
800b46f0:changeNodeAnimNIf__8MuObjectFPc
800b4844:changeVisAnimN__8MuObjectFPc
800b4988:changeVisAnimNIf__8MuObjectFPc
800b4ad8:changeTexPatAnim__8MuObjectFPc
800b4c14:changeTexPatAnimN__8MuObjectFPc
800b4d3c:changeTexPatAnimNIf__8MuObjectFPc
800b4e70:changeTexSrtAnimN__8MuObjectFPc
800b4f98:changeTexSrtAnimNIf__8MuObjectFPc
800b50cc:changeClrAnimN__8MuObjectFPc
800b51f4:changeClrAnimNIf__8MuObjectFPc
800b784c:setFrameVisible__8MuObjectFf
800b7a18:setFrameMatCol__8MuObjectFf
800b2394:create__8MuObjectFPPQ34nw4r3g3d7ResFilePcciQ25Heaps8HeapType
800b2404:create__8MuObjectFPPQ34nw4r3g3d7ResFileiciQ25Heaps8HeapType

//gfModelAnimation
80027c40:__ct__16gfModelAnimationFd
80027fa4:__ct1__16gfModelAnimationFd
80028278:setLoop__16gfModelAnimationFd
800282f4:setLoopNode__16gfModelAnimationFd
8002831c:setLoopVisible__16gfModelAnimationFd
80028344:setLoopTex__16gfModelAnimationFd
8002836c:setLoopTexSrt__16gfModelAnimationFd
80028394:setLoopMatCol__16gfModelAnimationFd
800283bc:getFrameCount__16gfModelAnimationFd
80028498:setFrame__16gfModelAnimationFd
8002858c:getFrame__16gfModelAnimationFd
80028650:setUpdateRate__16gfModelAnimationFd
80028744:getUpdateRate__16gfModelAnimationFd

//muMenu
800af088:init__6muMenuFiii
800af08c:start__6muMenuFiii
800af0f0:process__6muMenuFiii
800af140:exit__6muMenuFiii
800af148:exchangeMuCharKindToGmCharacterKind__6muMenuFiii
800af160:exchangeGmCharacterKindToMuCharKind__6muMenuFiii
800af258:exchangeMuCharKindToMuSelchkind__6muMenuFiii
800af31c:exchangeMuSelchkindToMuCharKind__6muMenuFiii
800af334:exchangeMuCharKindToMuStockchkind__6muMenuFiii
800af350:isCharUsable__6muMenuFiii
800af3ec:isCharRefered__6muMenuFiii
800af490:setCharRefered__6muMenuFiii
800af520:findCharTeamColorNo__6muMenuFiii
800af58c:exchangeMuStageKindToGmHideStageKind__6muMenuFiii
800af5a4:getInfoMsgID__6muMenuFiii
800af5b4:exchangeGmCharacterKind2MuStockchkind__6muMenuFi
800acdec:getStockFrameID__6muMenuFiii
800af614:exchangeMuStageKindToSrStageKind__6muMenuFiii
800af628:exchangeSrStageKindToMuStageKind__6muMenuFiii
800af6a0:getStageFrameNo__6muMenuFiii
800af6d8:exchangeMuStageKindToMsgID__6muMenuFiii
800acf28:exchangeMuStockchkind2GmNativeGame__6muMenuFiii
800af708:exchangeGmCharacterKind2MuSelchkind__6muMenuFiii
800af80c:exchangeMuSelchkind2GmCharacterKind__6muMenuFiii
800af844:exchangeMuSelchkind2MuStockchkind__6muMenuFiii
800af85c:exchangeSelchkind2SelCharVoice__6muMenuFi
800ae4a0:exchangeStockchkind2SelCharNarrationSndID__6muMenuFiii
800af874:exchangeSelchkind2SelCharNarrationSndID__6muMenuFiii
800ad6fc:exchangeStockchkind2SelCharNarrationFrameEN__6muMenuFiii
800af8d0:getNumCharColor__6muMenuFiii
800aefc4:getNumStockCharColor__6muMenuFiii
800af91c:getCharColor__6muMenuFiii
800af93c:getFighterColorFileNo__6muMenuFiii
800af960:getCharColorNo__6muMenuFiii
800af9c4:isCharLargeSize__6muMenuFiii
800af9ec:getCpLevelMessageId__6muMenuFiii
800afab0:getItemNameID__6muMenuFiii
800afac8:exchangeMuItemKindToItKind__6muMenuFiii
800b82ac:getChkindCharaName__6muMenuFiii
800b30cc:getChkindCharaNameInEn__6muMenuFiii
800afafc:startRumbleController__6muMenuFiii
800afb80:loadMenuSound__6muMenuFiii
800afb88:isLoadFinishMenuSound__6muMenuFiii
800afb90:freeMenuSound__6muMenuFiii
800afb80:loadMenuSound__6muMenuFv
800afb88:isLoadFinishMenuSound__6muMenuFv
8018ea08:Init__Q34nw4r3g3d7ResFileFPv
800af8a0:exchangeSelCharVoice2SelCharVoiceLengthE__6muMenuFi
800AF8B8:exchangeSelCharVoice2SelCharVoiceLengthJ__6muMenuFi
800af600:exchangeGmCharacterKind2Something__6muMenuFi
// aboves exact meaning unsure, file ID in classic mode intro


//sndSystem
800742b0:playSE__9sndSystemFiiiii


